// Jest Snapshot v1, https://goo.gl/fbAQLP

exports[`DocumentTitleJsx2 should render childen if provided 1`] = `"<div>Some Children</div>"`;

exports[`DocumentTitleJsx2 should render nothing if no children 1`] = `""`;
